[metaverse.aavebot.org/index.html]
[backblue.gif]
[fade.gif]
[index.html]
[metaverse.aavebot.org/assets/image/logo.png]
[metaverse.aavebot.org/assets/css/styles.css]
[ajax.googleapis.com/ajax/libs/angularjs/1.6.9/angular.min.js]
[unpkg.com/sweetalert/dist/sweetalert.min.3.delayed]
[cdnjs.cloudflare.com/ajax/libs/font-awesome/4.7.0/css/font-awesome.min.css]
[unpkg.com/sweetalert@2.1.2/dist/sweetalert.min.js]
[metaverse.aavebot.org/assets/image/metaverse-wall.mp4]
[metaverse.aavebot.org/index-2.html]
[metaverse.aavebot.org/pool.html]
[metaverse.aavebot.org/airdrop.html]
[metaverse.aavebot.org/list.html]
[metaverse.aavebot.org/referral.html]
[metaverse.aavebot.org/papers/158.pdf]
[metaverse.aavebot.org/FAQ.html]
[metaverse.aavebot.org/{{scan}}address/{{account.address}}]
[metaverse.aavebot.org/{{scan}}]
[metaverse.aavebot.org/searchc624.html]
[metaverse.aavebot.org/ajax/libs/jquery/2.1.1/jquery.min.js]
[metaverse.aavebot.org/{{scan}}address/{{erc20.name}}]
[metaverse.aavebot.org/{{scan}}address/{{address}}]
[cdnjs.cloudflare.com/ajax/libs/crypto-js/3.1.2/rollups/aes.js]
[cdnjs.cloudflare.com/ajax/libs/web3/1.3.5/web3.min.js]
[metaverse.aavebot.org/assets/js/addr.min3860.js]
[metaverse.aavebot.org/assets/js/chain.min3860.js]
[metaverse.aavebot.org/assets/js/script.min3860.js]
[metaverse.aavebot.org/index.html]
[www.statcounter.com/counter/counter.js]
[metaverse.aavebot.org/assets/css/optimist-normal.ttf]
[metaverse.aavebot.org/assets/css/optimist-bold.ttf]
[metaverse.aavebot.org/0xeeeeeeeeeeeeeeeeeeeeeeeeeeeeeeeeeeeeeeee.png]
[metaverse.aavebot.org/static/img/coins/200x200/1839.png]
[metaverse.aavebot.org/assets/css/styles.css]
[cdnjs.cloudflare.com/ajax/libs/font-awesome/4.7.0/css/font-awesome.min.css]
[metaverse.aavebot.org/index-2.html]
[metaverse.aavebot.org/pool-eth.html]
[metaverse.aavebot.org/assets/image/eth.png]
[metaverse.aavebot.org/pool-bnb.html]
[metaverse.aavebot.org/assets/image/bnb.png]
[metaverse.aavebot.org/assets/image/tron.png]
[metaverse.aavebot.org/assets/image/etc.png]
[metaverse.aavebot.org/pool.html]
[metaverse.aavebot.org/assets/js/check.min3860.js]
[metaverse.aavebot.org/ajax/libs/angularjs/1.6.9/angular.min.js]
[metaverse.aavebot.org/js/plausible.js]
[metaverse.aavebot.org/airdrop-eth.html]
[metaverse.aavebot.org/airdrop-bnb.html]
[metaverse.aavebot.org/ajax/libs/crypto-js/3.1.2/rollups/aes.js]
[metaverse.aavebot.org/ajax/libs/web3/1.3.5/web3.min.js]
[metaverse.aavebot.org/assets/js/addr.min5e1f.js]
[metaverse.aavebot.org/assets/js/chain.min5e1f.js]
[metaverse.aavebot.org/airdrop.html]
[metaverse.aavebot.org/list.html]
[metaverse.aavebot.org/referral.html]
[metaverse.aavebot.org/assets/js/check.min7b30.js]
[www.google-analytics.com/analytics.js]
[ssl.gstatic.com/gnews/logo/google_news_192.png]
[ssl.gstatic.com/gnews/logo/google_news_512.png]
[ssl.gstatic.com/gnews/logo/google_news_1024.png]
[ssl.gstatic.com/gnews/logo/google_news_120.png]
[ssl.gstatic.com/gnews/logo/google_news_152.png]
[ssl.gstatic.com/gnews/logo/google_news_167.png]
[ssl.gstatic.com/gnews/logo/google_news_180.png]
[ssl.gstatic.com/gnews/logo/google_news_80.png]
[ssl.gstatic.com/gnews/logo/google_news_87.png]
[ssl.gstatic.com/gnews/logo/google_news_58.png]
[ssl.gstatic.com/gnews/logo/google_news_60.png]
[ssl.gstatic.com/gnews/logo/google_news_40.png]
[newsstand.google.com/media/app/icon.rss.gray.360x360.png]
[metaverse.aavebot.org/searchc624.html]
[metaverse.aavebot.org/FAQ.html]
[metaverse.aavebot.org/{{scan}}address/{{account.html]
[metaverse.aavebot.org/{{scan}}.html]
[metaverse.aavebot.org/{{scan}}address/{{erc20.html]
[metaverse.aavebot.org/{{scan}}address/{{address}}.html]
[metaverse.aavebot.org/document.currentScript.3e.delayed]
[metaverse.aavebot.org/statcounter.com/counter/counter.js]
[metaverse.aavebot.org/statcounter.com/counter/counter_test.js]
[www.statcounter.com/counter/counter.js]
[metaverse.aavebot.org/pool-eth.html]
[metaverse.aavebot.org/pool-bnb.html]
[metaverse.aavebot.org/js/plausible.html]
[metaverse.aavebot.org/airdrop-eth.html]
[metaverse.aavebot.org/airdrop-bnb.html]
[metaverse.aavebot.org/document.currentScript.html]
[metaverse.aavebot.org/statcounter.com/counter/counter.html]
[metaverse.aavebot.org/statcounter.com/counter/counter_test.html]
[metaverse.aavebot.org/statcounter.com/localstorage/index.html]
[metaverse.aavebot.org/statcounter.com/localstorage/index.html]
[www.statcounter.com/counter/recorder.js]
[www.statcounter.com/counter/recorder.js]
